11:11:28 **** Incremental Build of configuration Debug for project FDCAN_Normal_Mode2 ****
make -j4 all 
arm-none-eabi-gcc "../Core/Src/main.c" -mcpu=cortex-m4 -std=gnu11 -g3 -DDEBUG -DUSE_HAL_DRIVER -DSTM32G491xx -c -I../Core/Inc -I../Drivers/STM32G4xx_HAL_Driver/Inc -I../Drivers/STM32G4xx_HAL_Driver/Inc/Legacy -I../Drivers/CMSIS/Device/ST/STM32G4xx/Include -I../Drivers/CMSIS/Include -O0 -ffunction-sections -fdata-sections -Wall -fstack-usage -fcyclomatic-complexity -MMD -MP -MF"Core/Src/main.d" -MT"Core/Src/main.o" --specs=nano.specs -mfpu=fpv4-sp-d16 -mfloat-abi=hard -mthumb -o "Core/Src/main.o"
arm-none-eabi-gcc -o "FDCAN_Normal_Mode2.elf" @"objects.list"   -mcpu=cortex-m4 -T"C:\Users\AdmPDI\Documents\GitHub\STM32\FDCAN_Normal_Mode2\STM32G491RETX_FLASH.ld" --specs=nosys.specs -Wl,-Map="FDCAN_Normal_Mode2.map" -Wl,--gc-sections -static --specs=nano.specs -mfpu=fpv4-sp-d16 -mfloat-abi=hard -mthumb -Wl,--start-group -lc -lm -Wl,--end-group
Finished building target: FDCAN_Normal_Mode2.elf
 
arm-none-eabi-size  FDCAN_Normal_Mode2.elf 
arm-none-eabi-objdump -h -S FDCAN_Normal_Mode2.elf  > "FDCAN_Normal_Mode2.list"
   text	   data	    bss	    dec	    hex	filename
  14880	     12	   1908	  16800	   41a0	FDCAN_Normal_Mode2.elf
Finished building: default.size.stdout
 
Finished building: FDCAN_Normal_Mode2.list
 

11:11:32 Build Finished. 0 errors, 0 warnings. (took 3s.134ms)

